1773457804.836680 client started (264459): version 3.4, socket /tmp/tmux-1000/default, protocol 8
1773457804.836749 on Linux 6.17.0-14-generic #14~24.04.1-Ubuntu SMP PREEMPT_DYNAMIC Thu Jan 15 15:52:10 UTC 2
1773457804.836755 using libevent 2.1.12-stable poll
1773457804.836758 using ncurses 6.4 20240113
1773457804.836786 flags are 0x10010000
1773457804.836808 socket is /tmp/tmux-1000/default
1773457804.836851 trying connect
1773457804.836967 add peer 0x58049113c020: 6 ((nil))
1773457804.837349 sending message 100 to peer 0x58049113c020 (4 bytes)
1773457804.837355 sending message 111 to peer 0x58049113c020 (8 bytes)
1773457804.837359 sending message 101 to peer 0x58049113c020 (14 bytes)
1773457804.837362 sending message 109 to peer 0x58049113c020 (4 bytes)
1773457804.837365 sending message 102 to peer 0x58049113c020 (11 bytes)
1773457804.837369 sending message 108 to peer 0x58049113c020 (46 bytes)
1773457804.837372 sending message 112 to peer 0x58049113c020 (70 bytes)
1773457804.837375 sending message 112 to peer 0x58049113c020 (5 bytes)
1773457804.837378 sending message 112 to peer 0x58049113c020 (5 bytes)
1773457804.837381 sending message 112 to peer 0x58049113c020 (6 bytes)
1773457804.837385 sending message 112 to peer 0x58049113c020 (6 bytes)
1773457804.837388 sending message 112 to peer 0x58049113c020 (11 bytes)
1773457804.837391 sending message 112 to peer 0x58049113c020 (10 bytes)
1773457804.837394 sending message 112 to peer 0x58049113c020 (13 bytes)
1773457804.837397 sending message 112 to peer 0x58049113c020 (13 bytes)
1773457804.837400 sending message 112 to peer 0x58049113c020 (18 bytes)
1773457804.837403 sending message 112 to peer 0x58049113c020 (11 bytes)
1773457804.837407 sending message 112 to peer 0x58049113c020 (10 bytes)
1773457804.837410 sending message 112 to peer 0x58049113c020 (15 bytes)
1773457804.837413 sending message 112 to peer 0x58049113c020 (21 bytes)
1773457804.837416 sending message 112 to peer 0x58049113c020 (13 bytes)
1773457804.837419 sending message 112 to peer 0x58049113c020 (7 bytes)
1773457804.837422 sending message 112 to peer 0x58049113c020 (13 bytes)
1773457804.837425 sending message 112 to peer 0x58049113c020 (7 bytes)
1773457804.837428 sending message 112 to peer 0x58049113c020 (13 bytes)
1773457804.837431 sending message 112 to peer 0x58049113c020 (9 bytes)
1773457804.837434 sending message 112 to peer 0x58049113c020 (21 bytes)
1773457804.837438 sending message 112 to peer 0x58049113c020 (13 bytes)
1773457804.837441 sending message 112 to peer 0x58049113c020 (8 bytes)
1773457804.837444 sending message 112 to peer 0x58049113c020 (12 bytes)
1773457804.837447 sending message 112 to peer 0x58049113c020 (13 bytes)
1773457804.837450 sending message 112 to peer 0x58049113c020 (9 bytes)
1773457804.837453 sending message 112 to peer 0x58049113c020 (9 bytes)
1773457804.837456 sending message 112 to peer 0x58049113c020 (12 bytes)
1773457804.837459 sending message 112 to peer 0x58049113c020 (8 bytes)
1773457804.837462 sending message 112 to peer 0x58049113c020 (8 bytes)
1773457804.837465 sending message 112 to peer 0x58049113c020 (7 bytes)
1773457804.837469 sending message 112 to peer 0x58049113c020 (7 bytes)
1773457804.837472 sending message 112 to peer 0x58049113c020 (9 bytes)
1773457804.837475 sending message 112 to peer 0x58049113c020 (13 bytes)
1773457804.837478 sending message 112 to peer 0x58049113c020 (6 bytes)
1773457804.837481 sending message 112 to peer 0x58049113c020 (9 bytes)
1773457804.837484 sending message 112 to peer 0x58049113c020 (15 bytes)
1773457804.837487 sending message 112 to peer 0x58049113c020 (13 bytes)
1773457804.837490 sending message 112 to peer 0x58049113c020 (12 bytes)
1773457804.837493 sending message 112 to peer 0x58049113c020 (8 bytes)
1773457804.837496 sending message 112 to peer 0x58049113c020 (14 bytes)
1773457804.837500 sending message 112 to peer 0x58049113c020 (11 bytes)
1773457804.837503 sending message 112 to peer 0x58049113c020 (9 bytes)
1773457804.837506 sending message 112 to peer 0x58049113c020 (10 bytes)
1773457804.837509 sending message 112 to peer 0x58049113c020 (10 bytes)
1773457804.837521 sending message 112 to peer 0x58049113c020 (10 bytes)
1773457804.837524 sending message 112 to peer 0x58049113c020 (10 bytes)
1773457804.837527 sending message 112 to peer 0x58049113c020 (11 bytes)
1773457804.837530 sending message 112 to peer 0x58049113c020 (12 bytes)
1773457804.837533 sending message 112 to peer 0x58049113c020 (12 bytes)
1773457804.837536 sending message 112 to peer 0x58049113c020 (12 bytes)
1773457804.837539 sending message 112 to peer 0x58049113c020 (12 bytes)
1773457804.837543 sending message 112 to peer 0x58049113c020 (12 bytes)
1773457804.837546 sending message 112 to peer 0x58049113c020 (11 bytes)
1773457804.837549 sending message 112 to peer 0x58049113c020 (11 bytes)
1773457804.837552 sending message 112 to peer 0x58049113c020 (12 bytes)
1773457804.837555 sending message 112 to peer 0x58049113c020 (12 bytes)
1773457804.837558 sending message 112 to peer 0x58049113c020 (12 bytes)
1773457804.837561 sending message 112 to peer 0x58049113c020 (12 bytes)
1773457804.837564 sending message 112 to peer 0x58049113c020 (12 bytes)
1773457804.837567 sending message 112 to peer 0x58049113c020 (10 bytes)
1773457804.837570 sending message 112 to peer 0x58049113c020 (12 bytes)
1773457804.837573 sending message 112 to peer 0x58049113c020 (13 bytes)
1773457804.837576 sending message 112 to peer 0x58049113c020 (13 bytes)
1773457804.837579 sending message 112 to peer 0x58049113c020 (13 bytes)
1773457804.837582 sending message 112 to peer 0x58049113c020 (13 bytes)
1773457804.837586 sending message 112 to peer 0x58049113c020 (13 bytes)
1773457804.837589 sending message 112 to peer 0x58049113c020 (8 bytes)
1773457804.837592 sending message 112 to peer 0x58049113c020 (11 bytes)
1773457804.837595 sending message 112 to peer 0x58049113c020 (11 bytes)
1773457804.837598 sending message 112 to peer 0x58049113c020 (11 bytes)
1773457804.837601 sending message 112 to peer 0x58049113c020 (12 bytes)
1773457804.837604 sending message 112 to peer 0x58049113c020 (12 bytes)
1773457804.837607 sending message 112 to peer 0x58049113c020 (12 bytes)
1773457804.837610 sending message 112 to peer 0x58049113c020 (12 bytes)
1773457804.837614 sending message 112 to peer 0x58049113c020 (13 bytes)
1773457804.837617 sending message 112 to peer 0x58049113c020 (13 bytes)
1773457804.837620 sending message 112 to peer 0x58049113c020 (13 bytes)
1773457804.837623 sending message 112 to peer 0x58049113c020 (8 bytes)
1773457804.837626 sending message 112 to peer 0x58049113c020 (13 bytes)
1773457804.837629 sending message 112 to peer 0x58049113c020 (13 bytes)
1773457804.837632 sending message 112 to peer 0x58049113c020 (13 bytes)
1773457804.837635 sending message 112 to peer 0x58049113c020 (13 bytes)
1773457804.837638 sending message 112 to peer 0x58049113c020 (13 bytes)
1773457804.837641 sending message 112 to peer 0x58049113c020 (12 bytes)
1773457804.837644 sending message 112 to peer 0x58049113c020 (12 bytes)
1773457804.837647 sending message 112 to peer 0x58049113c020 (12 bytes)
1773457804.837651 sending message 112 to peer 0x58049113c020 (12 bytes)
1773457804.837654 sending message 112 to peer 0x58049113c020 (13 bytes)
1773457804.837657 sending message 112 to peer 0x58049113c020 (8 bytes)
1773457804.837660 sending message 112 to peer 0x58049113c020 (13 bytes)
1773457804.837663 sending message 112 to peer 0x58049113c020 (13 bytes)
1773457804.837666 sending message 112 to peer 0x58049113c020 (13 bytes)
1773457804.837669 sending message 112 to peer 0x58049113c020 (13 bytes)
1773457804.837672 sending message 112 to peer 0x58049113c020 (13 bytes)
1773457804.837675 sending message 112 to peer 0x58049113c020 (13 bytes)
1773457804.837678 sending message 112 to peer 0x58049113c020 (13 bytes)
1773457804.837681 sending message 112 to peer 0x58049113c020 (12 bytes)
1773457804.837684 sending message 112 to peer 0x58049113c020 (12 bytes)
1773457804.837688 sending message 112 to peer 0x58049113c020 (12 bytes)
1773457804.837691 sending message 112 to peer 0x58049113c020 (8 bytes)
1773457804.837694 sending message 112 to peer 0x58049113c020 (12 bytes)
1773457804.837701 sending message 112 to peer 0x58049113c020 (13 bytes)
1773457804.837705 sending message 112 to peer 0x58049113c020 (13 bytes)
1773457804.837708 sending message 112 to peer 0x58049113c020 (13 bytes)
1773457804.837711 sending message 112 to peer 0x58049113c020 (13 bytes)
1773457804.837714 sending message 112 to peer 0x58049113c020 (13 bytes)
1773457804.837717 sending message 112 to peer 0x58049113c020 (13 bytes)
1773457804.837720 sending message 112 to peer 0x58049113c020 (13 bytes)
1773457804.837723 sending message 112 to peer 0x58049113c020 (13 bytes)
1773457804.837726 sending message 112 to peer 0x58049113c020 (12 bytes)
1773457804.837729 sending message 112 to peer 0x58049113c020 (10 bytes)
1773457804.837733 sending message 112 to peer 0x58049113c020 (12 bytes)
1773457804.837736 sending message 112 to peer 0x58049113c020 (12 bytes)
1773457804.837739 sending message 112 to peer 0x58049113c020 (12 bytes)
1773457804.837742 sending message 112 to peer 0x58049113c020 (13 bytes)
1773457804.837745 sending message 112 to peer 0x58049113c020 (13 bytes)
1773457804.837748 sending message 112 to peer 0x58049113c020 (13 bytes)
1773457804.837751 sending message 112 to peer 0x58049113c020 (13 bytes)
1773457804.837754 sending message 112 to peer 0x58049113c020 (13 bytes)
1773457804.837757 sending message 112 to peer 0x58049113c020 (13 bytes)
1773457804.837760 sending message 112 to peer 0x58049113c020 (13 bytes)
1773457804.837772 sending message 112 to peer 0x58049113c020 (10 bytes)
1773457804.837779 sending message 112 to peer 0x58049113c020 (13 bytes)
1773457804.837782 sending message 112 to peer 0x58049113c020 (12 bytes)
1773457804.837785 sending message 112 to peer 0x58049113c020 (12 bytes)
1773457804.837788 sending message 112 to peer 0x58049113c020 (12 bytes)
1773457804.837791 sending message 112 to peer 0x58049113c020 (10 bytes)
1773457804.837795 sending message 112 to peer 0x58049113c020 (10 bytes)
1773457804.837798 sending message 112 to peer 0x58049113c020 (10 bytes)
1773457804.837801 sending message 112 to peer 0x58049113c020 (12 bytes)
1773457804.837804 sending message 112 to peer 0x58049113c020 (13 bytes)
1773457804.837807 sending message 112 to peer 0x58049113c020 (13 bytes)
1773457804.837810 sending message 112 to peer 0x58049113c020 (13 bytes)
1773457804.837813 sending message 112 to peer 0x58049113c020 (13 bytes)
1773457804.837816 sending message 112 to peer 0x58049113c020 (13 bytes)
1773457804.837819 sending message 112 to peer 0x58049113c020 (11 bytes)
1773457804.837822 sending message 112 to peer 0x58049113c020 (11 bytes)
1773457804.837826 sending message 112 to peer 0x58049113c020 (12 bytes)
1773457804.837829 sending message 112 to peer 0x58049113c020 (12 bytes)
1773457804.837832 sending message 112 to peer 0x58049113c020 (12 bytes)
1773457804.837835 sending message 112 to peer 0x58049113c020 (12 bytes)
1773457804.837838 sending message 112 to peer 0x58049113c020 (12 bytes)
1773457804.837841 sending message 112 to peer 0x58049113c020 (11 bytes)
1773457804.837844 sending message 112 to peer 0x58049113c020 (12 bytes)
1773457804.837847 sending message 112 to peer 0x58049113c020 (12 bytes)
1773457804.837850 sending message 112 to peer 0x58049113c020 (13 bytes)
1773457804.837854 sending message 112 to peer 0x58049113c020 (13 bytes)
1773457804.837857 sending message 112 to peer 0x58049113c020 (13 bytes)
1773457804.837860 sending message 112 to peer 0x58049113c020 (13 bytes)
1773457804.837863 sending message 112 to peer 0x58049113c020 (13 bytes)
1773457804.837866 sending message 112 to peer 0x58049113c020 (10 bytes)
1773457804.837869 sending message 112 to peer 0x58049113c020 (9 bytes)
1773457804.837872 sending message 112 to peer 0x58049113c020 (12 bytes)
1773457804.837875 sending message 112 to peer 0x58049113c020 (13 bytes)
1773457804.837878 sending message 112 to peer 0x58049113c020 (13 bytes)
1773457804.837881 sending message 112 to peer 0x58049113c020 (13 bytes)
1773457804.837884 sending message 112 to peer 0x58049113c020 (13 bytes)
1773457804.837887 sending message 112 to peer 0x58049113c020 (13 bytes)
1773457804.837895 sending message 112 to peer 0x58049113c020 (9 bytes)
1773457804.837898 sending message 112 to peer 0x58049113c020 (12 bytes)
1773457804.837901 sending message 112 to peer 0x58049113c020 (13 bytes)
1773457804.837904 sending message 112 to peer 0x58049113c020 (13 bytes)
1773457804.837907 sending message 112 to peer 0x58049113c020 (13 bytes)
1773457804.837910 sending message 112 to peer 0x58049113c020 (13 bytes)
1773457804.837914 sending message 112 to peer 0x58049113c020 (13 bytes)
1773457804.837917 sending message 112 to peer 0x58049113c020 (11 bytes)
1773457804.837920 sending message 112 to peer 0x58049113c020 (12 bytes)
1773457804.837923 sending message 112 to peer 0x58049113c020 (13 bytes)
1773457804.837926 sending message 112 to peer 0x58049113c020 (13 bytes)
1773457804.837929 sending message 112 to peer 0x58049113c020 (13 bytes)
1773457804.837932 sending message 112 to peer 0x58049113c020 (13 bytes)
1773457804.837935 sending message 112 to peer 0x58049113c020 (13 bytes)
1773457804.837938 sending message 112 to peer 0x58049113c020 (11 bytes)
1773457804.837942 sending message 112 to peer 0x58049113c020 (12 bytes)
1773457804.837945 sending message 112 to peer 0x58049113c020 (12 bytes)
1773457804.837948 sending message 112 to peer 0x58049113c020 (12 bytes)
1773457804.837951 sending message 112 to peer 0x58049113c020 (12 bytes)
1773457804.837954 sending message 112 to peer 0x58049113c020 (12 bytes)
1773457804.837958 sending message 112 to peer 0x58049113c020 (21 bytes)
1773457804.837961 sending message 112 to peer 0x58049113c020 (12 bytes)
1773457804.837964 sending message 112 to peer 0x58049113c020 (9 bytes)
1773457804.837967 sending message 112 to peer 0x58049113c020 (6 bytes)
1773457804.837970 sending message 112 to peer 0x58049113c020 (13 bytes)
1773457804.837974 sending message 112 to peer 0x58049113c020 (8 bytes)
1773457804.837977 sending message 112 to peer 0x58049113c020 (15 bytes)
1773457804.837980 sending message 112 to peer 0x58049113c020 (13 bytes)
1773457804.837983 sending message 112 to peer 0x58049113c020 (9 bytes)
1773457804.837986 sending message 112 to peer 0x58049113c020 (70 bytes)
1773457804.837989 sending message 112 to peer 0x58049113c020 (69 bytes)
1773457804.837993 sending message 112 to peer 0x58049113c020 (10 bytes)
1773457804.837996 sending message 112 to peer 0x58049113c020 (10 bytes)
1773457804.837999 sending message 112 to peer 0x58049113c020 (8 bytes)
1773457804.838002 sending message 112 to peer 0x58049113c020 (15 bytes)
1773457804.838005 sending message 112 to peer 0x58049113c020 (13 bytes)
1773457804.838008 sending message 112 to peer 0x58049113c020 (10 bytes)
1773457804.838012 sending message 112 to peer 0x58049113c020 (10 bytes)
1773457804.838015 sending message 112 to peer 0x58049113c020 (17 bytes)
1773457804.838018 sending message 112 to peer 0x58049113c020 (10 bytes)
1773457804.838021 sending message 112 to peer 0x58049113c020 (13 bytes)
1773457804.838024 sending message 112 to peer 0x58049113c020 (9 bytes)
1773457804.838027 sending message 112 to peer 0x58049113c020 (5 bytes)
1773457804.838031 sending message 112 to peer 0x58049113c020 (15 bytes)
1773457804.838035 sending message 104 to peer 0x58049113c020 (0 bytes)
1773457804.838039 sending message 110 to peer 0x58049113c020 (0 bytes)
1773457804.838042 sending message 107 to peer 0x58049113c020 (4 bytes)
1773457804.838045 sending message 105 to peer 0x58049113c020 (16 bytes)
1773457804.838049 sending message 105 to peer 0x58049113c020 (18 bytes)
1773457804.838052 sending message 105 to peer 0x58049113c020 (19 bytes)
1773457804.838055 sending message 105 to peer 0x58049113c020 (46 bytes)
1773457804.838058 sending message 105 to peer 0x58049113c020 (63 bytes)
1773457804.838062 sending message 105 to peer 0x58049113c020 (25 bytes)
1773457804.838065 sending message 105 to peer 0x58049113c020 (19 bytes)
1773457804.838069 sending message 105 to peer 0x58049113c020 (35 bytes)
1773457804.838072 sending message 105 to peer 0x58049113c020 (51 bytes)
1773457804.838075 sending message 105 to peer 0x58049113c020 (54 bytes)
1773457804.838084 sending message 105 to peer 0x58049113c020 (20 bytes)
1773457804.838087 sending message 105 to peer 0x58049113c020 (24 bytes)
1773457804.838090 sending message 105 to peer 0x58049113c020 (12 bytes)
1773457804.838093 sending message 105 to peer 0x58049113c020 (28 bytes)
1773457804.838096 sending message 105 to peer 0x58049113c020 (15 bytes)
1773457804.838100 sending message 105 to peer 0x58049113c020 (50 bytes)
1773457804.838103 sending message 105 to peer 0x58049113c020 (28 bytes)
1773457804.838106 sending message 105 to peer 0x58049113c020 (16 bytes)
1773457804.838110 sending message 105 to peer 0x58049113c020 (21 bytes)
1773457804.838113 sending message 105 to peer 0x58049113c020 (83 bytes)
1773457804.838116 sending message 105 to peer 0x58049113c020 (52 bytes)
1773457804.838119 sending message 105 to peer 0x58049113c020 (41 bytes)
1773457804.838122 sending message 105 to peer 0x58049113c020 (13 bytes)
1773457804.838126 sending message 105 to peer 0x58049113c020 (19 bytes)
1773457804.838129 sending message 105 to peer 0x58049113c020 (17 bytes)
1773457804.838132 sending message 105 to peer 0x58049113c020 (17 bytes)
1773457804.838135 sending message 105 to peer 0x58049113c020 (54 bytes)
1773457804.838139 sending message 105 to peer 0x58049113c020 (1817 bytes)
1773457804.838155 sending message 105 to peer 0x58049113c020 (30 bytes)
1773457804.838158 sending message 105 to peer 0x58049113c020 (56 bytes)
1773457804.838161 sending message 105 to peer 0x58049113c020 (23 bytes)
1773457804.838165 sending message 105 to peer 0x58049113c020 (27 bytes)
1773457804.838168 sending message 105 to peer 0x58049113c020 (34 bytes)
1773457804.838171 sending message 105 to peer 0x58049113c020 (23 bytes)
1773457804.838174 sending message 105 to peer 0x58049113c020 (19 bytes)
1773457804.838177 sending message 105 to peer 0x58049113c020 (48 bytes)
1773457804.838180 sending message 105 to peer 0x58049113c020 (32 bytes)
1773457804.838183 sending message 105 to peer 0x58049113c020 (13 bytes)
1773457804.838186 sending message 105 to peer 0x58049113c020 (13 bytes)
1773457804.838190 sending message 105 to peer 0x58049113c020 (20 bytes)
1773457804.838193 sending message 105 to peer 0x58049113c020 (11 bytes)
1773457804.838196 sending message 105 to peer 0x58049113c020 (8 bytes)
1773457804.838199 sending message 105 to peer 0x58049113c020 (14 bytes)
1773457804.838202 sending message 105 to peer 0x58049113c020 (35 bytes)
1773457804.838205 sending message 105 to peer 0x58049113c020 (18 bytes)
1773457804.838208 sending message 105 to peer 0x58049113c020 (11 bytes)
1773457804.838212 sending message 105 to peer 0x58049113c020 (17 bytes)
1773457804.838215 sending message 105 to peer 0x58049113c020 (31 bytes)
1773457804.838218 sending message 105 to peer 0x58049113c020 (47 bytes)
1773457804.838222 sending message 105 to peer 0x58049113c020 (103 bytes)
1773457804.838225 sending message 105 to peer 0x58049113c020 (782 bytes)
1773457804.838228 sending message 105 to peer 0x58049113c020 (19 bytes)
1773457804.838232 sending message 105 to peer 0x58049113c020 (54 bytes)
1773457804.838235 sending message 105 to peer 0x58049113c020 (51 bytes)
1773457804.838238 sending message 105 to peer 0x58049113c020 (54 bytes)
1773457804.838241 sending message 105 to peer 0x58049113c020 (18 bytes)
1773457804.838244 sending message 105 to peer 0x58049113c020 (16 bytes)
1773457804.838247 sending message 106 to peer 0x58049113c020 (0 bytes)
1773457804.838299 sending message 200 to peer 0x58049113c020 (4 bytes)
1773457804.838303 client loop enter
1773457804.839191 peer 0x58049113c020 message 303
1773457804.839202 open write file 2 -
1773457804.839211 sending message 305 to peer 0x58049113c020 (8 bytes)
1773457804.839229 write check file 2
1773457804.839516 peer 0x58049113c020 message 304
1773457804.839523 write 58 to file 2
1773457804.839528 peer 0x58049113c020 message 203
1773457804.839532 file 2 58 bytes left
1773457804.839548 write check file 2
1773457804.839551 client loop exit
